#
# There is insufficient memory for the Java Runtime Environment to continue.
# Native memory allocation (malloc) failed to allocate 110096 bytes. Error detail: Chunk::new
# Possible reasons:
#   The system is out of physical RAM or swap space
#   This process is running with CompressedOops enabled, and the Java Heap may be blocking the growth of the native heap
# Possible solutions:
#   Reduce memory load on the system
#   Increase physical memory or swap space
#   Check if swap backing store is full
#   Decrease Java heap size (-Xmx/-Xms)
#   Decrease number of Java threads
#   Decrease Java thread stack sizes (-Xss)
#   Set larger code cache with -XX:ReservedCodeCacheSize=
#   JVM is running with Unscaled Compressed Oops mode in which the Java heap is
#     placed in the first 4GB address space. The Java Heap base address is the
#     maximum limit for the native heap growth. Please use -XX:HeapBaseMinAddress
#     to set the Java Heap base and to place the Java Heap above 4GB virtual address.
# This output file may be truncated or incomplete.
#
#  Out of Memory Error (arena.cpp:168), pid=4076, tid=17860
#
# JRE version: OpenJDK Runtime Environment Temurin-21.0.12.1+1 (21.0.12.1+1) (build 21.0.12.1+1-LTS)
# Java VM: OpenJDK 64-Bit Server VM Temurin-21.0.12.1+1 (21.0.12.1+1-LTS, mixed mode, sharing, tiered, compressed oops, compressed class ptrs, parallel gc, windows-amd64)
# No core dump will be written. Minidumps are not enabled by default on client versions of Windows
#

---------------  S U M M A R Y ------------

Command Line: --add-modules=ALL-SYSTEM --add-opens=java.base/java.util=ALL-UNNAMED --add-opens=java.base/java.lang=ALL-UNNAMED --add-opens=java.base/sun.nio.fs=ALL-UNNAMED -Declipse.application=org.eclipse.jdt.ls.core.id1 -Dosgi.bundles.defaultStartLevel=4 -Declipse.product=org.eclipse.jdt.ls.core.product -Djava.import.generatesMetadataFilesAtProjectRoot=false -Dm2e.project.cache.size=50 -DDetectVMInstallationsJob.disabled=true -Dfile.encoding=utf8 -XX:+UseParallelGC -XX:GCTimeRatio=4 -XX:AdaptiveSizePolicyWeight=90 -Dsun.zip.disableMemoryMapping=true -Xmx2G -Xms100m -Xlog:disable -javaagent:c:\Users\DELL\.vscode\extensions\redhat.java-1.56.0-win32-x64\lombok\lombok-1.18.39-4050.jar -XX:+HeapDumpOnOutOfMemoryError -XX:HeapDumpPath=c:\Users\DELL\AppData\Roaming\Code\User\workspaceStorage\f058160ba1508bc289a4b0f7f403deb6\redhat.java -Daether.dependencyCollector.impl=bf c:\Users\DELL\.vscode\extensions\redhat.java-1.56.0-win32-x64\server\plugins\org.eclipse.equinox.launcher_1.8.0.v20260804-1928.jar -configuration c:\Users\DELL\AppData\Roaming\Code\User\globalStorage\redhat.java\1.56.0\config_win -data c:\Users\DELL\AppData\Roaming\Code\User\workspaceStorage\f058160ba1508bc289a4b0f7f403deb6\redhat.java\jdt_ws --pipe=\\.\pipe\lsp-60e76a11383703247c8022dec203669f-sock

Host: AMD Ryzen 3 7320U with Radeon Graphics         , 8 cores, 7G,  Windows 11 , 64 bit Build 26100 (10.0.26100.9549)
Time: Thu Oct  8 15:46:07 2026 India Standard Time elapsed time: 5472.717828 seconds (0d 1h 31m 12s)

---------------  T H R E A D  ---------------

Current thread (0x000002152ab12c50):  JavaThread "C2 CompilerThread0" daemon [_thread_in_native, id=17860, stack(0x000000b1da300000,0x000000b1da400000) (1024K)]


Current CompileTask:
C2:5472756 14652       4       org.eclipse.jdt.ls.core.internal.filesystem.JLSFsUtils::shouldStoreInMetadataArea (73 bytes)

Stack: [0x000000b1da300000,0x000000b1da400000]
Native frames: (J=compiled Java code, j=interpreted, Vv=VM code, C=native code)
V  [jvm.dll+0x6d83e9]
V  [jvm.dll+0x8b5736]
V  [jvm.dll+0x8b7cee]
V  [jvm.dll+0x8b83d3]
V  [jvm.dll+0x284596]
V  [jvm.dll+0xc685d]
V  [jvm.dll+0xc6da1]
V  [jvm.dll+0x3bf151]
V  [jvm.dll+0x1e3b4e]
V  [jvm.dll+0x24c853]
V  [jvm.dll+0x24bce0]
V  [jvm.dll+0x1cb4ae]
V  [jvm.dll+0x25baad]
V  [jvm.dll+0x25a03a]
V  [jvm.dll+0x3f8aae]
V  [jvm.dll+0x8600cd]
V  [jvm.dll+0x6d6c1d]
C  [ucrtbase.dll+0x2cd30]
C  [KERNEL32.DLL+0x2cdf7]
C  [ntdll.dll+0x7ee4c]


---------------  P R O C E S S  ---------------

Threads class SMR info:
_java_thread_list=0x000002159c099940, length=44, elements={
0x000002152876c8b0, 0x000002152ac4d820, 0x000002152ac4e8f0, 0x000002152ab097c0,
0x000002152ab0c430, 0x000002152ab0f3a0, 0x000002152ab0fe00, 0x000002152ab12c50,
0x0000021588008120, 0x00000215881fe070, 0x0000021588226270, 0x0000021588951ea0,
0x000002158894fdd0, 0x0000021588952530, 0x0000021588952bc0, 0x0000021588951180,
0x0000021588953250, 0x0000021588951810, 0x0000021588950af0, 0x000002158996ec70,
0x000002158996cba0, 0x000002158996c510, 0x00000215899713d0, 0x000002158996df50,
0x00000215899720f0, 0x0000021589972780, 0x00000215899734a0, 0x0000021589970020,
0x0000021589972e10, 0x0000021589971a60, 0x00000215899706b0, 0x0000021589970d40,
0x000002158b645680, 0x00000215893ea960, 0x00000215893eaff0, 0x00000215893eb680,
0x00000215893ebd10, 0x00000215893e8890, 0x00000215893ec3a0, 0x00000215893eca30,
0x00000215893e9c40, 0x00000215893ef190, 0x00000215893efeb0, 0x00000215893ef820
}

Java Threads: ( => current thread )
  0x000002152876c8b0 JavaThread "main"                              [_thread_blocked, id=552, stack(0x000000b1d9900000,0x000000b1d9a00000) (1024K)]
  0x000002152ac4d820 JavaThread "Reference Handler"          daemon [_thread_blocked, id=25380, stack(0x000000b1d9d00000,0x000000b1d9e00000) (1024K)]
  0x000002152ac4e8f0 JavaThread "Finalizer"                  daemon [_thread_blocked, id=9148, stack(0x000000b1d9e00000,0x000000b1d9f00000) (1024K)]
  0x000002152ab097c0 JavaThread "Signal Dispatcher"          daemon [_thread_blocked, id=24804, stack(0x000000b1d9f00000,0x000000b1da000000) (1024K)]
  0x000002152ab0c430 JavaThread "Attach Listener"            daemon [_thread_blocked, id=27484, stack(0x000000b1da000000,0x000000b1da100000) (1024K)]
  0x000002152ab0f3a0 JavaThread "Service Thread"             daemon [_thread_blocked, id=10036, stack(0x000000b1da100000,0x000000b1da200000) (1024K)]
  0x000002152ab0fe00 JavaThread "Monitor Deflation Thread"   daemon [_thread_blocked, id=6352, stack(0x000000b1da200000,0x000000b1da300000) (1024K)]
=>0x000002152ab12c50 JavaThread "C2 CompilerThread0"         daemon [_thread_in_native, id=17860, stack(0x000000b1da300000,0x000000b1da400000) (1024K)]
  0x0000021588008120 JavaThread "C1 CompilerThread0"         daemon [_thread_in_vm, id=15116, stack(0x000000b1da400000,0x000000b1da500000) (1024K)]
  0x00000215881fe070 JavaThread "Common-Cleaner"             daemon [_thread_blocked, id=8316, stack(0x000000b1da500000,0x000000b1da600000) (1024K)]
  0x0000021588226270 JavaThread "Notification Thread"        daemon [_thread_blocked, id=23256, stack(0x000000b1da600000,0x000000b1da700000) (1024K)]
  0x0000021588951ea0 JavaThread "Active Thread: Equinox Container: 8a484025-6fdd-49b4-bed0-6c6275113029"        [_thread_blocked, id=1952, stack(0x000000b1da700000,0x000000b1da800000) (1024K)]
  0x000002158894fdd0 JavaThread "Refresh Thread: Equinox Container: 8a484025-6fdd-49b4-bed0-6c6275113029" daemon [_thread_blocked, id=4832, stack(0x000000b1daf00000,0x000000b1db000000) (1024K)]
  0x0000021588952530 JavaThread "Framework Event Dispatcher: Equinox Container: 8a484025-6fdd-49b4-bed0-6c6275113029" daemon [_thread_blocked, id=2644, stack(0x000000b1db000000,0x000000b1db100000) (1024K)]
  0x0000021588952bc0 JavaThread "Start Level: Equinox Container: 8a484025-6fdd-49b4-bed0-6c6275113029" daemon [_thread_blocked, id=27360, stack(0x000000b1db100000,0x000000b1db200000) (1024K)]
  0x0000021588951180 JavaThread "Bundle File Closer"         daemon [_thread_blocked, id=2744, stack(0x000000b1db200000,0x000000b1db300000) (1024K)]
  0x0000021588953250 JavaThread "SCR Component Actor"        daemon [_thread_blocked, id=23100, stack(0x000000b1db300000,0x000000b1db400000) (1024K)]
  0x0000021588951810 JavaThread "Worker-JM"                         [_thread_blocked, id=23368, stack(0x000000b1db400000,0x000000b1db500000) (1024K)]
  0x0000021588950af0 JavaThread "JNA Cleaner"                daemon [_thread_blocked, id=19128, stack(0x000000b1db600000,0x000000b1db700000) (1024K)]
  0x000002158996ec70 JavaThread "Java indexing"              daemon [_thread_blocked, id=10876, stack(0x000000b1dbb00000,0x000000b1dbc00000) (1024K)]
  0x000002158996cba0 JavaThread "Thread-1"                   daemon [_thread_in_native, id=23292, stack(0x000000b1dc100000,0x000000b1dc200000) (1024K)]
  0x000002158996c510 JavaThread "Thread-2"                   daemon [_thread_in_native, id=4312, stack(0x000000b1dc200000,0x000000b1dc300000) (1024K)]
  0x00000215899713d0 JavaThread "Thread-3"                   daemon [_thread_in_native, id=13564, stack(0x000000b1dc300000,0x000000b1dc400000) (1024K)]
  0x000002158996df50 JavaThread "Thread-4"                   daemon [_thread_in_native, id=25984, stack(0x000000b1dc400000,0x000000b1dc500000) (1024K)]
  0x00000215899720f0 JavaThread "Thread-5"                   daemon [_thread_in_native, id=11580, stack(0x000000b1dc500000,0x000000b1dc600000) (1024K)]
  0x0000021589972780 JavaThread "Thread-6"                   daemon [_thread_in_native, id=25080, stack(0x000000b1dc600000,0x000000b1dc700000) (1024K)]
  0x00000215899734a0 JavaThread "Thread-7"                   daemon [_thread_in_native, id=26784, stack(0x000000b1dc700000,0x000000b1dc800000) (1024K)]
  0x0000021589970020 JavaThread "Thread-8"                   daemon [_thread_in_native, id=5260, stack(0x000000b1dc800000,0x000000b1dc900000) (1024K)]
  0x0000021589972e10 JavaThread "Thread-9"                   daemon [_thread_in_native, id=21872, stack(0x000000b1dc900000,0x000000b1dca00000) (1024K)]
  0x0000021589971a60 JavaThread "pool-2-thread-1"                   [_thread_blocked, id=19900, stack(0x000000b1dca00000,0x000000b1dcb00000) (1024K)]
  0x00000215899706b0 JavaThread "WorkspaceEventsHandler"            [_thread_blocked, id=27480, stack(0x000000b1dcb00000,0x000000b1dcc00000) (1024K)]
  0x0000021589970d40 JavaThread "pool-1-thread-1"                   [_thread_blocked, id=20288, stack(0x000000b1dcc00000,0x000000b1dcd00000) (1024K)]
  0x000002158b645680 JavaThread "Worker-5"                          [_thread_blocked, id=14532, stack(0x000000b1d9700000,0x000000b1d9800000) (1024K)]
  0x00000215893ea960 JavaThread "Worker-9"                          [_thread_blocked, id=2848, stack(0x000000b1d9800000,0x000000b1d9900000) (1024K)]
  0x00000215893eaff0 JavaThread "Worker-10"                         [_thread_blocked, id=10288, stack(0x000000b1d9600000,0x000000b1d9700000) (1024K)]
  0x00000215893eb680 JavaThread "Worker-11: Building"               [_thread_in_Java, id=24456, stack(0x000000b1db500000,0x000000b1db600000) (1024K)]
  0x00000215893ebd10 JavaThread "Worker-12"                         [_thread_blocked, id=19656, stack(0x000000b1db700000,0x000000b1db800000) (1024K)]
  0x00000215893e8890 JavaThread "Worker-13: Register Watchers"        [_thread_blocked, id=24972, stack(0x000000b1db900000,0x000000b1dba00000) (1024K)]
  0x00000215893ec3a0 JavaThread "Compiler Source File Reader" daemon [_thread_blocked, id=4408, stack(0x000000b1db800000,0x000000b1db900000) (1024K)]
  0x00000215893eca30 JavaThread "Compiler Source File Reader" daemon [_thread_blocked, id=22128, stack(0x000000b1dba00000,0x000000b1dbb00000) (1024K)]
  0x00000215893e9c40 JavaThread "Compiler Source File Reader" daemon [_thread_blocked, id=5212, stack(0x000000b1dbc00000,0x000000b1dbd00000) (1024K)]
  0x00000215893ef190 JavaThread "Compiler Source File Reader" daemon [_thread_blocked, id=24908, stack(0x000000b1dbd00000,0x000000b1dbe00000) (1024K)]
  0x00000215893efeb0 JavaThread "Compiler Source File Reader" daemon [_thread_blocked, id=23996, stack(0x000000b1dbe00000,0x000000b1dbf00000) (1024K)]
  0x00000215893ef820 JavaThread "Compiler Source File Reader" daemon [_thread_blocked, id=11800, stack(0x000000b1dbf00000,0x000000b1dc000000) (1024K)]
Total: 44

Other Threads:
  0x000002152ab02550 VMThread "VM Thread"                           [id=20500, stack(0x000000b1d9c00000,0x000000b1d9d00000) (1024K)]
  0x000002152aa1ca00 WatcherThread "VM Periodic Task Thread"        [id=26028, stack(0x000000b1d9b00000,0x000000b1d9c00000) (1024K)]
  0x000002152abae0c0 WorkerThread "GC Thread#0"                     [id=27564, stack(0x000000b1d9a00000,0x000000b1d9b00000) (1024K)]
  0x00000215887270f0 WorkerThread "GC Thread#1"                     [id=18192, stack(0x000000b1da800000,0x000000b1da900000) (1024K)]
  0x0000021588727c00 WorkerThread "GC Thread#2"                     [id=26040, stack(0x000000b1da900000,0x000000b1daa00000) (1024K)]
  0x0000021588726990 WorkerThread "GC Thread#3"                     [id=27524, stack(0x000000b1daa00000,0x000000b1dab00000) (1024K)]
  0x0000021588727850 WorkerThread "GC Thread#4"                     [id=11504, stack(0x000000b1dab00000,0x000000b1dac00000) (1024K)]
  0x0000021588727fb0 WorkerThread "GC Thread#5"                     [id=5508, stack(0x000000b1dac00000,0x000000b1dad00000) (1024K)]
  0x00000215887265e0 WorkerThread "GC Thread#6"                     [id=17960, stack(0x000000b1dad00000,0x000000b1dae00000) (1024K)]
  0x0000021588aab000 WorkerThread "GC Thread#7"                     [id=23896, stack(0x000000b1dae00000,0x000000b1daf00000) (1024K)]
Total: 10

Threads with active compile tasks:
C2 CompilerThread0  5474912 14652       4       org.eclipse.jdt.ls.core.internal.filesystem.JLSFsUtils::shouldStoreInMetadataArea (73 bytes)
Total: 1

VM state: not at safepoint (normal execution)

VM Mutex/Monitor currently owned by a thread: None

Heap address: 0x0000000080000000, size: 2048 MB, Compressed Oops mode: 32-bit

CDS archive(s) mapped at: [0x0000021542000000-0x0000021542ba0000-0x0000021542ba0000), size 12189696, SharedBaseAddress: 0x0000021542000000, ArchiveRelocationMode: 1.
Compressed class space mapped at: 0x0000021543000000-0x0000021583000000, reserved size: 1073741824
Narrow klass base: 0x0000021542000000, Narrow klass shift: 0, Narrow klass range: 0x100000000

GC Precious Log:
 CardTable entry size: 512
 CPUs: 8 total, 8 available
 Memory: 7379M
 Large Page Support: Disabled
 NUMA Support: Disabled
 Compressed Oops: Enabled (32-bit)
 Alignments: Space 512K, Generation 512K, Heap 2M
 Heap Min Capacity: 100M
 Heap Initial Capacity: 100M
 Heap Max Capacity: 2G
 Pre-touch: Disabled
 Parallel Workers: 8

Heap:
 PSYoungGen      total 11776K, used 3980K [0x00000000d5580000, 0x00000000d6280000, 0x0000000100000000)
  eden space 11264K, 32% used [0x00000000d5580000,0x00000000d591b360,0x00000000d6080000)
  from space 512K, 56% used [0x00000000d6200000,0x00000000d6248000,0x00000000d6280000)
  to   space 512K, 0% used [0x00000000d6180000,0x00000000d6180000,0x00000000d6200000)
 ParOldGen       total 519680K, used 519228K [0x0000000080000000, 0x000000009fb80000, 0x00000000d5580000)
  object space 519680K, 99% used [0x0000000080000000,0x000000009fb0f1f8,0x000000009fb80000)
 Metaspace       used 66261K, committed 67776K, reserved 1114112K
  class space    used 6919K, committed 7552K, reserved 1048576K

Card table byte_map: [0x000002152a530000,0x000002152a940000] _byte_map_base: 0x000002152a130000

Marking Bits: (ParMarkBitMap*) 0x00007ff8d7a344a0
 Begin Bits: [0x000002153d040000, 0x000002153f040000)
 End Bits:   [0x000002153f040000, 0x0000021541040000)

Polling page: 0x00000215289e0000

Metaspace:

Usage:
  Non-class:     57.95 MB used.
      Class:      6.76 MB used.
       Both:     64.71 MB used.

Virtual space:
  Non-class space:       64.00 MB reserved,      58.81 MB ( 92%) committed,  1 nodes.
      Class space:        1.00 GB reserved,       7.38 MB ( <1%) committed,  1 nodes.
             Both:        1.06 GB reserved,      66.19 MB (  6%) committed. 

Chunk freelists:
   Non-Class:  4.52 MB
       Class:  8.61 MB
        Both:  13.12 MB

MaxMetaspaceSize: unlimited
CompressedClassSpaceSize: 1.00 GB
Initial GC threshold: 21.00 MB
Current GC threshold: 97.31 MB
CDS: on
 - commit_granule_bytes: 65536.
 - commit_granule_words: 8192.
 - virtual_space_node_default_size: 8388608.
 - enlarge_chunks_in_place: 1.
 - use_allocation_guard: 0.


Internal statistics:

num_allocs_failed_limit: 9.
num_arena_births: 1364.
num_arena_deaths: 16.
num_vsnodes_births: 2.
num_vsnodes_deaths: 0.
num_space_committed: 1059.
num_space_uncommitted: 0.
num_chunks_returned_to_freelist: 26.
num_chunks_taken_from_freelist: 4586.
num_chunk_merges: 7.
num_chunk_splits: 2793.
num_chunks_enlarged: 1540.
num_inconsistent_stats: 0.

CodeHeap 'non-profiled nmethods': size=120000Kb used=12643Kb max_used=12643Kb free=107356Kb
 bounds [0x0000021535860000, 0x00000215364c0000, 0x000002153cd90000]
CodeHeap 'profiled nmethods': size=120000Kb used=32215Kb max_used=32215Kb free=87784Kb
 bounds [0x000002152dd90000, 0x000002152fd10000, 0x00000215352c0000]
CodeHeap 'non-nmethods': size=5760Kb used=1425Kb max_used=1522Kb free=4334Kb
 bounds [0x00000215352c0000, 0x0000021535530000, 0x0000021535860000]
CodeCache: size=245760Kb, used=46283Kb, max_used=46380Kb, free=199474Kb
 total_blobs=14575, nmethods=13838, adapters=642, full_count=0
Compilation: enabled, stopped_count=0, restarted_count=0

Compilation events (20 events):
Event: 5471.268 Thread 0x000002152ab12c50 14642       4       java.net.URI::<init> (13 bytes)
Event: 5471.272 Thread 0x000002152ab12c50 nmethod 14642 0x00000215364b7990 code [0x00000215364b7b60, 0x00000215364b7e10]
Event: 5471.272 Thread 0x000002152ab12c50 14643       4       java.net.URI::<init> (51 bytes)
Event: 5471.276 Thread 0x000002152ab12c50 nmethod 14643 0x00000215364b8110 code [0x00000215364b82e0, 0x00000215364b8578]
Event: 5471.298 Thread 0x0000021588008120 14645       3       org.eclipse.core.internal.resources.Rules::factoryFor (87 bytes)
Event: 5471.300 Thread 0x0000021588008120 nmethod 14645 0x000002152fcf9690 code [0x000002152fcf9940, 0x000002152fcfaa88]
Event: 5471.321 Thread 0x0000021588008120 14646       3       org.eclipse.core.internal.dtree.DataTreeNode::<init> (14 bytes)
Event: 5471.322 Thread 0x0000021588008120 nmethod 14646 0x000002152fcfb010 code [0x000002152fcfb1c0, 0x000002152fcfb420]
Event: 5471.935 Thread 0x0000021588008120 14647       3       org.eclipse.core.internal.jobs.JobManager$$Lambda/0x00000215431b2610::apply (20 bytes)
Event: 5471.943 Thread 0x0000021588008120 nmethod 14647 0x000002152fcfb510 code [0x000002152fcfb6c0, 0x000002152fcfb918]
Event: 5471.943 Thread 0x0000021588008120 14648       3       org.eclipse.core.internal.jobs.JobManager::lambda$8 (48 bytes)
Event: 5471.944 Thread 0x0000021588008120 nmethod 14648 0x000002152fcfba10 code [0x000002152fcfbc20, 0x000002152fcfc150]
Event: 5472.145 Thread 0x000002152ab12c50 14649       4       java.nio.file.Files::provider (10 bytes)
Event: 5472.146 Thread 0x000002152ab12c50 nmethod 14649 0x00000215364b8810 code [0x00000215364b89a0, 0x00000215364b8a80]
Event: 5472.233 Thread 0x0000021588008120 14650       3       org.eclipse.jdt.core.compiler.CharOperation::endsWith (36 bytes)
Event: 5472.233 Thread 0x0000021588008120 nmethod 14650 0x000002152fcfc310 code [0x000002152fcfc4c0, 0x000002152fcfc768]
Event: 5472.348 Thread 0x0000021588008120 14651       3       org.eclipse.core.internal.resources.ProjectContentTypes$ProjectContentTypeSelectionPolicy::getDelegate (22 bytes)
Event: 5472.384 Thread 0x0000021588008120 nmethod 14651 0x000002152fcfc890 code [0x000002152fcfca60, 0x000002152fcfcd78]
Event: 5472.388 Thread 0x000002152ab12c50 14652       4       org.eclipse.jdt.ls.core.internal.filesystem.JLSFsUtils::shouldStoreInMetadataArea (73 bytes)
Event: 5472.406 Thread 0x0000021588008120 14653       3       org.eclipse.core.internal.content.ContentTypeMatcher::getCatalog (7 bytes)

GC Heap History (20 events):
Event: 5469.293 GC heap before
{Heap before GC invocations=208 (full 3):
 PSYoungGen      total 11776K, used 11647K [0x00000000d5580000, 0x00000000d6280000, 0x0000000100000000)
  eden space 11264K, 100% used [0x00000000d5580000,0x00000000d6080000,0x00000000d6080000)
  from space 512K, 74% used [0x00000000d6200000,0x00000000d625fcc8,0x00000000d6280000)
  to   space 512K, 0% used [0x00000000d6180000,0x00000000d6180000,0x00000000d6200000)
 ParOldGen       total 518656K, used 518253K [0x0000000080000000, 0x000000009fa80000, 0x00000000d5580000)
  object space 518656K, 99% used [0x0000000080000000,0x000000009fa1b4d8,0x000000009fa80000)
 Metaspace       used 66232K, committed 67776K, reserved 1114112K
  class space    used 6919K, committed 7552K, reserved 1048576K
}
Event: 5469.295 GC heap after
{Heap after GC invocations=208 (full 3):
 PSYoungGen      total 11776K, used 411K [0x00000000d5580000, 0x00000000d6280000, 0x0000000100000000)
  eden space 11264K, 0% used [0x00000000d5580000,0x00000000d5580000,0x00000000d6080000)
  from space 512K, 80% used [0x00000000d6180000,0x00000000d61e6ec8,0x00000000d6200000)
  to   space 512K, 0% used [0x00000000d6200000,0x00000000d6200000,0x00000000d6280000)
 ParOldGen       total 518656K, used 518301K [0x0000000080000000, 0x000000009fa80000, 0x00000000d5580000)
  object space 518656K, 99% used [0x0000000080000000,0x000000009fa274d8,0x000000009fa80000)
 Metaspace       used 66232K, committed 67776K, reserved 1114112K
  class space    used 6919K, committed 7552K, reserved 1048576K
}
Event: 5469.358 GC heap before
{Heap before GC invocations=209 (full 3):
 PSYoungGen      total 11776K, used 11675K [0x00000000d5580000, 0x00000000d6280000, 0x0000000100000000)
  eden space 11264K, 100% used [0x00000000d5580000,0x00000000d6080000,0x00000000d6080000)
  from space 512K, 80% used [0x00000000d6180000,0x00000000d61e6ec8,0x00000000d6200000)
  to   space 512K, 0% used [0x00000000d6200000,0x00000000d6200000,0x00000000d6280000)
 ParOldGen       total 518656K, used 518301K [0x0000000080000000, 0x000000009fa80000, 0x00000000d5580000)
  object space 518656K, 99% used [0x0000000080000000,0x000000009fa274d8,0x000000009fa80000)
 Metaspace       used 66232K, committed 67776K, reserved 1114112K
  class space    used 6919K, committed 7552K, reserved 1048576K
}
Event: 5469.360 GC heap after
{Heap after GC invocations=209 (full 3):
 PSYoungGen      total 11776K, used 352K [0x00000000d5580000, 0x00000000d6280000, 0x0000000100000000)
  eden space 11264K, 0% used [0x00000000d5580000,0x00000000d5580000,0x00000000d6080000)
  from space 512K, 68% used [0x00000000d6200000,0x00000000d6258288,0x00000000d6280000)
  to   space 512K, 0% used [0x00000000d6180000,0x00000000d6180000,0x00000000d6200000)
 ParOldGen       total 518656K, used 518357K [0x0000000080000000, 0x000000009fa80000, 0x00000000d5580000)
  object space 518656K, 99% used [0x0000000080000000,0x000000009fa354d8,0x000000009fa80000)
 Metaspace       used 66232K, committed 67776K, reserved 1114112K
  class space    used 6919K, committed 7552K, reserved 1048576K
}
Event: 5469.424 GC heap before
{Heap before GC invocations=210 (full 3):
 PSYoungGen      total 11776K, used 11616K [0x00000000d5580000, 0x00000000d6280000, 0x0000000100000000)
  eden space 11264K, 100% used [0x00000000d5580000,0x00000000d6080000,0x00000000d6080000)
  from space 512K, 68% used [0x00000000d6200000,0x00000000d6258288,0x00000000d6280000)
  to   space 512K, 0% used [0x00000000d6180000,0x00000000d6180000,0x00000000d6200000)
 ParOldGen       total 518656K, used 518357K [0x0000000080000000, 0x000000009fa80000, 0x00000000d5580000)
  object space 518656K, 99% used [0x0000000080000000,0x000000009fa354d8,0x000000009fa80000)
 Metaspace       used 66232K, committed 67776K, reserved 1114112K
  class space    used 6919K, committed 7552K, reserved 1048576K
}
Event: 5469.426 GC heap after
{Heap after GC invocations=210 (full 3):
 PSYoungGen      total 11776K, used 256K [0x00000000d5580000, 0x00000000d6280000, 0x0000000100000000)
  eden space 11264K, 0% used [0x00000000d5580000,0x00000000d5580000,0x00000000d6080000)
  from space 512K, 50% used [0x00000000d6180000,0x00000000d61c0000,0x00000000d6200000)
  to   space 512K, 0% used [0x00000000d6200000,0x00000000d6200000,0x00000000d6280000)
 ParOldGen       total 518656K, used 518421K [0x0000000080000000, 0x000000009fa80000, 0x00000000d5580000)
  object space 518656K, 99% used [0x0000000080000000,0x000000009fa454d8,0x000000009fa80000)
 Metaspace       used 66232K, committed 67776K, reserved 1114112K
  class space    used 6919K, committed 7552K, reserved 1048576K
}
Event: 5469.498 GC heap before
{Heap before GC invocations=211 (full 3):
 PSYoungGen      total 11776K, used 11520K [0x00000000d5580000, 0x00000000d6280000, 0x0000000100000000)
  eden space 11264K, 100% used [0x00000000d5580000,0x00000000d6080000,0x00000000d6080000)
  from space 512K, 50% used [0x00000000d6180000,0x00000000d61c0000,0x00000000d6200000)
  to   space 512K, 0% used [0x00000000d6200000,0x00000000d6200000,0x00000000d6280000)
 ParOldGen       total 518656K, used 518421K [0x0000000080000000, 0x000000009fa80000, 0x00000000d5580000)
  object space 518656K, 99% used [0x0000000080000000,0x000000009fa454d8,0x000000009fa80000)
 Metaspace       used 66232K, committed 67776K, reserved 1114112K
  class space    used 6919K, committed 7552K, reserved 1048576K
}
Event: 5469.500 GC heap after
{Heap after GC invocations=211 (full 3):
 PSYoungGen      total 11776K, used 256K [0x00000000d5580000, 0x00000000d6280000, 0x0000000100000000)
  eden space 11264K, 0% used [0x00000000d5580000,0x00000000d5580000,0x00000000d6080000)
  from space 512K, 50% used [0x00000000d6200000,0x00000000d6240000,0x00000000d6280000)
  to   space 512K, 0% used [0x00000000d6180000,0x00000000d6180000,0x00000000d6200000)
 ParOldGen       total 518656K, used 518477K [0x0000000080000000, 0x000000009fa80000, 0x00000000d5580000)
  object space 518656K, 99% used [0x0000000080000000,0x000000009fa534d8,0x000000009fa80000)
 Metaspace       used 66232K, committed 67776K, reserved 1114112K
  class space    used 6919K, committed 7552K, reserved 1048576K
}
Event: 5469.566 GC heap before
{Heap before GC invocations=212 (full 3):
 PSYoungGen      total 11776K, used 11520K [0x00000000d5580000, 0x00000000d6280000, 0x0000000100000000)
  eden space 11264K, 100% used [0x00000000d5580000,0x00000000d6080000,0x00000000d6080000)
  from space 512K, 50% used [0x00000000d6200000,0x00000000d6240000,0x00000000d6280000)
  to   space 512K, 0% used [0x00000000d6180000,0x00000000d6180000,0x00000000d6200000)
 ParOldGen       total 518656K, used 518477K [0x0000000080000000, 0x000000009fa80000, 0x00000000d5580000)
  object space 518656K, 99% used [0x0000000080000000,0x000000009fa534d8,0x000000009fa80000)
 Metaspace       used 66232K, committed 67776K, reserved 1114112K
  class space    used 6919K, committed 7552K, reserved 1048576K
}
Event: 5469.567 GC heap after
{Heap after GC invocations=212 (full 3):
 PSYoungGen      total 11776K, used 381K [0x00000000d5580000, 0x00000000d6280000, 0x0000000100000000)
  eden space 11264K, 0% used [0x00000000d5580000,0x00000000d5580000,0x00000000d6080000)
  from space 512K, 74% used [0x00000000d6180000,0x00000000d61df638,0x00000000d6200000)
  to   space 512K, 0% used [0x00000000d6200000,0x00000000d6200000,0x00000000d6280000)
 ParOldGen       total 518656K, used 518533K [0x0000000080000000, 0x000000009fa80000, 0x00000000d5580000)
  object space 518656K, 99% used [0x0000000080000000,0x000000009fa614d8,0x000000009fa80000)
 Metaspace       used 66232K, committed 67776K, reserved 1114112K
  class space    used 6919K, committed 7552K, reserved 1048576K
}
Event: 5469.671 GC heap before
{Heap before GC invocations=213 (full 3):
 PSYoungGen      total 11776K, used 11645K [0x00000000d5580000, 0x00000000d6280000, 0x0000000100000000)
  eden space 11264K, 100% used [0x00000000d5580000,0x00000000d6080000,0x00000000d6080000)
  from space 512K, 74% used [0x00000000d6180000,0x00000000d61df638,0x00000000d6200000)
  to   space 512K, 0% used [0x00000000d6200000,0x00000000d6200000,0x00000000d6280000)
 ParOldGen       total 518656K, used 518533K [0x0000000080000000, 0x000000009fa80000, 0x00000000d5580000)
  object space 518656K, 99% used [0x0000000080000000,0x000000009fa614d8,0x000000009fa80000)
 Metaspace       used 66232K, committed 67776K, reserved 1114112K
  class space    used 6919K, committed 7552K, reserved 1048576K
}
Event: 5469.672 GC heap after
{Heap after GC invocations=213 (full 3):
 PSYoungGen      total 11776K, used 346K [0x00000000d5580000, 0x00000000d6280000, 0x0000000100000000)
  eden space 11264K, 0% used [0x00000000d5580000,0x00000000d5580000,0x00000000d6080000)
  from space 512K, 67% used [0x00000000d6200000,0x00000000d6256900,0x00000000d6280000)
  to   space 512K, 0% used [0x00000000d6180000,0x00000000d6180000,0x00000000d6200000)
 ParOldGen       total 518656K, used 518565K [0x0000000080000000, 0x000000009fa80000, 0x00000000d5580000)
  object space 518656K, 99% used [0x0000000080000000,0x000000009fa694d8,0x000000009fa80000)
 Metaspace       used 66232K, committed 67776K, reserved 1114112K
  class space    used 6919K, committed 7552K, reserved 1048576K
}
Event: 5469.696 GC heap before
{Heap before GC invocations=214 (full 3):
 PSYoungGen      total 11776K, used 11610K [0x00000000d5580000, 0x00000000d6280000, 0x0000000100000000)
  eden space 11264K, 100% used [0x00000000d5580000,0x00000000d6080000,0x00000000d6080000)
  from space 512K, 67% used [0x00000000d6200000,0x00000000d6256900,0x00000000d6280000)
  to   space 512K, 0% used [0x00000000d6180000,0x00000000d6180000,0x00000000d6200000)
 ParOldGen       total 518656K, used 518565K [0x0000000080000000, 0x000000009fa80000, 0x00000000d5580000)
  object space 518656K, 99% used [0x0000000080000000,0x000000009fa694d8,0x000000009fa80000)
 Metaspace       used 66232K, committed 67776K, reserved 1114112K
  class space    used 6919K, committed 7552K, reserved 1048576K
}
Event: 5469.698 GC heap after
{Heap after GC invocations=214 (full 3):
 PSYoungGen      total 11776K, used 354K [0x00000000d5580000, 0x00000000d6280000, 0x0000000100000000)
  eden space 11264K, 0% used [0x00000000d5580000,0x00000000d5580000,0x00000000d6080000)
  from space 512K, 69% used [0x00000000d6180000,0x00000000d61d89a8,0x00000000d6200000)
  to   space 512K, 0% used [0x00000000d6200000,0x00000000d6200000,0x00000000d6280000)
 ParOldGen       total 519168K, used 519060K [0x0000000080000000, 0x000000009fb00000, 0x00000000d5580000)
  object space 519168K, 99% used [0x0000000080000000,0x000000009fae51f8,0x000000009fb00000)
 Metaspace       used 66232K, committed 67776K, reserved 1114112K
  class space    used 6919K, committed 7552K, reserved 1048576K
}
Event: 5469.740 GC heap before
{Heap before GC invocations=215 (full 3):
 PSYoungGen      total 11776K, used 11618K [0x00000000d5580000, 0x00000000d6280000, 0x0000000100000000)
  eden space 11264K, 100% used [0x00000000d5580000,0x00000000d6080000,0x00000000d6080000)
  from space 512K, 69% used [0x00000000d6180000,0x00000000d61d89a8,0x00000000d6200000)
  to   space 512K, 0% used [0x00000000d6200000,0x00000000d6200000,0x00000000d6280000)
 ParOldGen       total 519168K, used 519060K [0x0000000080000000, 0x000000009fb00000, 0x00000000d5580000)
  object space 519168K, 99% used [0x0000000080000000,0x000000009fae51f8,0x000000009fb00000)
 Metaspace       used 66232K, committed 67776K, reserved 1114112K
  class space    used 6919K, committed 7552K, reserved 1048576K
}
Event: 5469.741 GC heap after
{Heap after GC invocations=215 (full 3):
 PSYoungGen      total 11776K, used 320K [0x00000000d5580000, 0x00000000d6280000, 0x0000000100000000)
  eden space 11264K, 0% used [0x00000000d5580000,0x00000000d5580000,0x00000000d6080000)
  from space 512K, 62% used [0x00000000d6200000,0x00000000d6250288,0x00000000d6280000)
  to   space 512K, 0% used [0x00000000d6180000,0x00000000d6180000,0x00000000d6200000)
 ParOldGen       total 519168K, used 519108K [0x0000000080000000, 0x000000009fb00000, 0x00000000d5580000)
  object space 519168K, 99% used [0x0000000080000000,0x000000009faf11f8,0x000000009fb00000)
 Metaspace       used 66232K, committed 67776K, reserved 1114112K
  class space    used 6919K, committed 7552K, reserved 1048576K
}
Event: 5469.778 GC heap before
{Heap before GC invocations=216 (full 3):
 PSYoungGen      total 11776K, used 11584K [0x00000000d5580000, 0x00000000d6280000, 0x0000000100000000)
  eden space 11264K, 100% used [0x00000000d5580000,0x00000000d6080000,0x00000000d6080000)
  from space 512K, 62% used [0x00000000d6200000,0x00000000d6250288,0x00000000d6280000)
  to   space 512K, 0% used [0x00000000d6180000,0x00000000d6180000,0x00000000d6200000)
 ParOldGen       total 519168K, used 519108K [0x0000000080000000, 0x000000009fb00000, 0x00000000d5580000)
  object space 519168K, 99% used [0x0000000080000000,0x000000009faf11f8,0x000000009fb00000)
 Metaspace       used 66232K, committed 67776K, reserved 1114112K
  class space    used 6919K, committed 7552K, reserved 1048576K
}
Event: 5469.780 GC heap after
{Heap after GC invocations=216 (full 3):
 PSYoungGen      total 11776K, used 381K [0x00000000d5580000, 0x00000000d6280000, 0x0000000100000000)
  eden space 11264K, 0% used [0x00000000d5580000,0x00000000d5580000,0x00000000d6080000)
  from space 512K, 74% used [0x00000000d6180000,0x00000000d61df638,0x00000000d6200000)
  to   space 512K, 0% used [0x00000000d6200000,0x00000000d6200000,0x00000000d6280000)
 ParOldGen       total 519168K, used 519156K [0x0000000080000000, 0x000000009fb00000, 0x00000000d5580000)
  object space 519168K, 99% used [0x0000000080000000,0x000000009fafd1f8,0x000000009fb00000)
 Metaspace       used 66232K, committed 67776K, reserved 1114112K
  class space    used 6919K, committed 7552K, reserved 1048576K
}
Event: 5470.923 GC heap before
{Heap before GC invocations=217 (full 3):
 PSYoungGen      total 11776K, used 11645K [0x00000000d5580000, 0x00000000d6280000, 0x0000000100000000)
  eden space 11264K, 100% used [0x00000000d5580000,0x00000000d6080000,0x00000000d6080000)
  from space 512K, 74% used [0x00000000d6180000,0x00000000d61df638,0x00000000d6200000)
  to   space 512K, 0% used [0x00000000d6200000,0x00000000d6200000,0x00000000d6280000)
 ParOldGen       total 519168K, used 519156K [0x0000000080000000, 0x000000009fb00000, 0x00000000d5580000)
  object space 519168K, 99% used [0x0000000080000000,0x000000009fafd1f8,0x000000009fb00000)
 Metaspace       used 66237K, committed 67776K, reserved 1114112K
  class space    used 6919K, committed 7552K, reserved 1048576K
}
Event: 5471.027 GC heap after
{Heap after GC invocations=217 (full 3):
 PSYoungGen      total 11776K, used 288K [0x00000000d5580000, 0x00000000d6280000, 0x0000000100000000)
  eden space 11264K, 0% used [0x00000000d5580000,0x00000000d5580000,0x00000000d6080000)
  from space 512K, 56% used [0x00000000d6200000,0x00000000d6248000,0x00000000d6280000)
  to   space 512K, 0% used [0x00000000d6180000,0x00000000d6180000,0x00000000d6200000)
 ParOldGen       total 519680K, used 519228K [0x0000000080000000, 0x000000009fb80000, 0x00000000d5580000)
  object space 519680K, 99% used [0x0000000080000000,0x000000009fb0f1f8,0x000000009fb80000)
 Metaspace       used 66237K, committed 67776K, reserved 1114112K
  class space    used 6919K, committed 7552K, reserved 1048576K
}

Dll operation events (20 events):
Event: 0.020 Attempting to load shared library c:\Users\DELL\.vscode\extensions\redhat.java-1.56.0-win32-x64\jre\21.0.12.1-win32-x86_64\bin\java.dll
Event: 0.020 Loaded shared library c:\Users\DELL\.vscode\extensions\redhat.java-1.56.0-win32-x64\jre\21.0.12.1-win32-x86_64\bin\java.dll
Event: 0.195 Attempting to load shared library c:\Users\DELL\.vscode\extensions\redhat.java-1.56.0-win32-x64\jre\21.0.12.1-win32-x86_64\bin\zip.dll
Event: 0.196 Loaded shared library c:\Users\DELL\.vscode\extensions\redhat.java-1.56.0-win32-x64\jre\21.0.12.1-win32-x86_64\bin\zip.dll
Event: 0.349 Attempting to load shared library C:\Users\DELL\.vscode\extensions\redhat.java-1.56.0-win32-x64\jre\21.0.12.1-win32-x86_64\bin\instrument.dll
Event: 0.349 Loaded shared library C:\Users\DELL\.vscode\extensions\redhat.java-1.56.0-win32-x64\jre\21.0.12.1-win32-x86_64\bin\instrument.dll
Event: 0.357 Attempting to load shared library C:\Users\DELL\.vscode\extensions\redhat.java-1.56.0-win32-x64\jre\21.0.12.1-win32-x86_64\bin\net.dll
Event: 0.359 Loaded shared library C:\Users\DELL\.vscode\extensions\redhat.java-1.56.0-win32-x64\jre\21.0.12.1-win32-x86_64\bin\net.dll
Event: 0.363 Attempting to load shared library C:\Users\DELL\.vscode\extensions\redhat.java-1.56.0-win32-x64\jre\21.0.12.1-win32-x86_64\bin\nio.dll
Event: 0.364 Loaded shared library C:\Users\DELL\.vscode\extensions\redhat.java-1.56.0-win32-x64\jre\21.0.12.1-win32-x86_64\bin\nio.dll
Event: 0.370 Attempting to load shared library C:\Users\DELL\.vscode\extensions\redhat.java-1.56.0-win32-x64\jre\21.0.12.1-win32-x86_64\bin\zip.dll
Event: 0.370 Loaded shared library C:\Users\DELL\.vscode\extensions\redhat.java-1.56.0-win32-x64\jre\21.0.12.1-win32-x86_64\bin\zip.dll
Event: 0.402 Attempting to load shared library C:\Users\DELL\.vscode\extensions\redhat.java-1.56.0-win32-x64\jre\21.0.12.1-win32-x86_64\bin\jimage.dll
Event: 0.402 Loaded shared library C:\Users\DELL\.vscode\extensions\redhat.java-1.56.0-win32-x64\jre\21.0.12.1-win32-x86_64\bin\jimage.dll
Event: 0.581 Attempting to load shared library c:\Users\DELL\.vscode\extensions\redhat.java-1.56.0-win32-x64\jre\21.0.12.1-win32-x86_64\bin\verify.dll
Event: 0.582 Loaded shared library c:\Users\DELL\.vscode\extensions\redhat.java-1.56.0-win32-x64\jre\21.0.12.1-win32-x86_64\bin\verify.dll
Event: 4.167 Attempting to load shared library C:\Users\DELL\AppData\Roaming\Code\User\globalStorage\redhat.java\1.56.0\config_win\org.eclipse.equinox.launcher\org.eclipse.equinox.launcher.win32.win32.x86_64_1.3.100.v20260804-1928\eclipse_11924.dll
Event: 4.177 Loaded shared library C:\Users\DELL\AppData\Roaming\Code\User\globalStorage\redhat.java\1.56.0\config_win\org.eclipse.equinox.launcher\org.eclipse.equinox.launcher.win32.win32.x86_64_1.3.100.v20260804-1928\eclipse_11924.dll
Event: 16.149 Attempting to load shared library C:\Users\DELL\AppData\Local\Temp\jna-2094529\jna3689101322904396399.dll
Event: 16.318 Loaded shared library C:\Users\DELL\AppData\Local\Temp\jna-2094529\jna3689101322904396399.dll

Deoptimization events (20 events):
Event: 5471.166 Thread 0x000002158b645680 Uncommon trap: trap_request=0xffffffbe fr.pc=0x0000021536495c60 relative=0x0000000000001320
Event: 5471.166 Thread 0x000002158b645680 Uncommon trap: reason=profile_predicate action=maybe_recompile pc=0x0000021536495c60 method=java.util.TimSort.reverseRange([Ljava/lang/Object;II)V @ 5 c2
Event: 5471.166 Thread 0x000002158b645680 DEOPT PACKING pc=0x0000021536495c60 sp=0x000000b1d97fdf90
Event: 5471.166 Thread 0x000002158b645680 DEOPT UNPACKING pc=0x0000021535313aa2 sp=0x000000b1d97fde30 mode 2
Event: 5471.172 Thread 0x000002158b645680 Uncommon trap: trap_request=0xffffffd6 fr.pc=0x0000021536410150 relative=0x0000000000000670
Event: 5471.172 Thread 0x000002158b645680 Uncommon trap: reason=array_check action=maybe_recompile pc=0x0000021536410150 method=com.sun.org.apache.xerces.internal.utils.XMLLimitAnalyzer.addValue(ILjava/lang/String;I)V @ 123 c2
Event: 5471.172 Thread 0x000002158b645680 DEOPT PACKING pc=0x0000021536410150 sp=0x000000b1d97fd7e0
Event: 5471.172 Thread 0x000002158b645680 DEOPT UNPACKING pc=0x0000021535313aa2 sp=0x000000b1d97fd770 mode 2
Event: 5471.175 Thread 0x000002158b645680 Uncommon trap: trap_request=0xffffffbe fr.pc=0x0000021536495c60 relative=0x0000000000001320
Event: 5471.175 Thread 0x000002158b645680 Uncommon trap: reason=profile_predicate action=maybe_recompile pc=0x0000021536495c60 method=java.util.TimSort.reverseRange([Ljava/lang/Object;II)V @ 5 c2
Event: 5471.175 Thread 0x000002158b645680 DEOPT PACKING pc=0x0000021536495c60 sp=0x000000b1d97fdf70
Event: 5471.175 Thread 0x000002158b645680 DEOPT UNPACKING pc=0x0000021535313aa2 sp=0x000000b1d97fde10 mode 2
Event: 5471.177 Thread 0x000002158b645680 Uncommon trap: trap_request=0xffffffbe fr.pc=0x0000021536495c60 relative=0x0000000000001320
Event: 5471.177 Thread 0x000002158b645680 Uncommon trap: reason=profile_predicate action=maybe_recompile pc=0x0000021536495c60 method=java.util.TimSort.reverseRange([Ljava/lang/Object;II)V @ 5 c2
Event: 5471.177 Thread 0x000002158b645680 DEOPT PACKING pc=0x0000021536495c60 sp=0x000000b1d97fe160
Event: 5471.177 Thread 0x000002158b645680 DEOPT UNPACKING pc=0x0000021535313aa2 sp=0x000000b1d97fe000 mode 2
Event: 5471.178 Thread 0x000002158b645680 Uncommon trap: trap_request=0xffffffbe fr.pc=0x0000021536495c60 relative=0x0000000000001320
Event: 5471.178 Thread 0x000002158b645680 Uncommon trap: reason=profile_predicate action=maybe_recompile pc=0x0000021536495c60 method=java.util.TimSort.reverseRange([Ljava/lang/Object;II)V @ 5 c2
Event: 5471.178 Thread 0x000002158b645680 DEOPT PACKING pc=0x0000021536495c60 sp=0x000000b1d97fe1f0
Event: 5471.178 Thread 0x000002158b645680 DEOPT UNPACKING pc=0x0000021535313aa2 sp=0x000000b1d97fe090 mode 2

Classes loaded (20 events):
Event: 200.799 Loading class java/util/ArrayDeque$DeqSpliterator
Event: 200.800 Loading class java/util/ArrayDeque$DeqSpliterator done
Event: 202.667 Loading class java/io/CharArrayWriter
Event: 202.667 Loading class java/io/CharArrayWriter done
Event: 202.679 Loading class java/nio/file/attribute/PosixFileAttributes
Event: 202.679 Loading class java/nio/file/attribute/PosixFileAttributes done
Event: 445.567 Loading class java/nio/BufferMismatch
Event: 445.579 Loading class java/nio/BufferMismatch done
Event: 484.284 Loading class java/util/stream/Nodes$CollectorTask$OfRef
Event: 484.288 Loading class java/util/stream/Nodes$CollectorTask
Event: 484.294 Loading class java/util/stream/Nodes$CollectorTask done
Event: 484.294 Loading class java/util/stream/Nodes$CollectorTask$OfRef done
Event: 484.296 Loading class java/util/function/LongFunction
Event: 484.297 Loading class java/util/function/LongFunction done
Event: 484.299 Loading class java/util/stream/Nodes$ConcNode
Event: 484.300 Loading class java/util/stream/Nodes$AbstractConcNode
Event: 484.303 Loading class java/util/stream/Nodes$AbstractConcNode done
Event: 484.303 Loading class java/util/stream/Nodes$ConcNode done
Event: 899.392 Loading class java/nio/file/Path$1
Event: 899.430 Loading class java/nio/file/Path$1 done

Classes unloaded (8 events):
Event: 18.480 Thread 0x000002152ab02550 Unloading class 0x00000215431a8800 'java/lang/invoke/LambdaForm$MH+0x00000215431a8800'
Event: 18.480 Thread 0x000002152ab02550 Unloading class 0x00000215431a8400 'java/lang/invoke/LambdaForm$MH+0x00000215431a8400'
Event: 18.480 Thread 0x000002152ab02550 Unloading class 0x00000215431a8000 'java/lang/invoke/LambdaForm$MH+0x00000215431a8000'
Event: 18.480 Thread 0x000002152ab02550 Unloading class 0x00000215431a7c00 'java/lang/invoke/LambdaForm$MH+0x00000215431a7c00'
Event: 18.480 Thread 0x000002152ab02550 Unloading class 0x00000215431a7800 'java/lang/invoke/LambdaForm$BMH+0x00000215431a7800'
Event: 18.480 Thread 0x000002152ab02550 Unloading class 0x00000215431a7400 'java/lang/invoke/LambdaForm$DMH+0x00000215431a7400'
Event: 18.480 Thread 0x000002152ab02550 Unloading class 0x00000215431a6000 'java/lang/invoke/LambdaForm$DMH+0x00000215431a6000'
Event: 53.672 Thread 0x000002152ab02550 Unloading class 0x0000021543611000 'java/lang/invoke/LambdaForm$DMH+0x0000021543611000'

Classes redefined (0 events):
No events

Internal exceptions (20 events):
Event: 5467.457 Thread 0x000002158b645680 Exception <a 'sun/nio/fs/WindowsException'{0x00000000d58afb28}> (0x00000000d58afb28) 
thrown [s\src\hotspot\share\prims\jni.cpp, line 520]
Event: 5467.457 Thread 0x000002158b645680 Exception <a 'sun/nio/fs/WindowsException'{0x00000000d58b0678}> (0x00000000d58b0678) 
thrown [s\src\hotspot\share\prims\jni.cpp, line 520]
Event: 5467.493 Thread 0x000002158b645680 Exception <a 'sun/nio/fs/WindowsException'{0x00000000d5952a68}> (0x00000000d5952a68) 
thrown [s\src\hotspot\share\prims\jni.cpp, line 520]
Event: 5467.660 Thread 0x000002158b645680 Exception <a 'sun/nio/fs/WindowsException'{0x00000000d5990120}> (0x00000000d5990120) 
thrown [s\src\hotspot\share\prims\jni.cpp, line 520]
Event: 5467.660 Thread 0x000002158b645680 Exception <a 'sun/nio/fs/WindowsException'{0x00000000d5990c70}> (0x00000000d5990c70) 
thrown [s\src\hotspot\share\prims\jni.cpp, line 520]
Event: 5467.662 Thread 0x000002158b645680 Exception <a 'sun/nio/fs/WindowsException'{0x00000000d59a2ad0}> (0x00000000d59a2ad0) 
thrown [s\src\hotspot\share\prims\jni.cpp, line 520]
Event: 5467.663 Thread 0x000002158b645680 Exception <a 'sun/nio/fs/WindowsException'{0x00000000d59a3620}> (0x00000000d59a3620) 
thrown [s\src\hotspot\share\prims\jni.cpp, line 520]
Event: 5467.812 Thread 0x000002158b645680 Exception <a 'sun/nio/fs/WindowsException'{0x00000000d5d93118}> (0x00000000d5d93118) 
thrown [s\src\hotspot\share\prims\jni.cpp, line 520]
Event: 5467.812 Thread 0x000002158b645680 Exception <a 'sun/nio/fs/WindowsException'{0x00000000d5d93c68}> (0x00000000d5d93c68) 
thrown [s\src\hotspot\share\prims\jni.cpp, line 520]
Event: 5467.836 Thread 0x000002158b645680 Exception <a 'sun/nio/fs/WindowsException'{0x00000000d5ddb5b8}> (0x00000000d5ddb5b8) 
thrown [s\src\hotspot\share\prims\jni.cpp, line 520]
Event: 5467.836 Thread 0x000002158b645680 Exception <a 'sun/nio/fs/WindowsException'{0x00000000d5ddc108}> (0x00000000d5ddc108) 
thrown [s\src\hotspot\share\prims\jni.cpp, line 520]
Event: 5467.855 Thread 0x00000215893eaff0 Exception <a 'sun/nio/fs/WindowsException'{0x00000000d5e61908}> (0x00000000d5e61908) 
thrown [s\src\hotspot\share\prims\jni.cpp, line 520]
Event: 5467.855 Thread 0x00000215893eaff0 Exception <a 'sun/nio/fs/WindowsException'{0x00000000d5e62408}> (0x00000000d5e62408) 
thrown [s\src\hotspot\share\prims\jni.cpp, line 520]
Event: 5467.856 Thread 0x00000215893eaff0 Exception <a 'sun/nio/fs/WindowsException'{0x00000000d5e639d8}> (0x00000000d5e639d8) 
thrown [s\src\hotspot\share\prims\jni.cpp, line 520]
Event: 5467.856 Thread 0x00000215893eaff0 Exception <a 'sun/nio/fs/WindowsException'{0x00000000d5e64520}> (0x00000000d5e64520) 
thrown [s\src\hotspot\share\prims\jni.cpp, line 520]
Event: 5467.868 Thread 0x00000215893eaff0 Exception <a 'sun/nio/fs/WindowsException'{0x00000000d60233f8}> (0x00000000d60233f8) 
thrown [s\src\hotspot\share\prims\jni.cpp, line 520]
Event: 5467.868 Thread 0x00000215893eaff0 Exception <a 'sun/nio/fs/WindowsException'{0x00000000d6023f10}> (0x00000000d6023f10) 
thrown [s\src\hotspot\share\prims\jni.cpp, line 520]
Event: 5467.888 Thread 0x00000215893eaff0 Exception <a 'sun/nio/fs/WindowsException'{0x00000000d6050cb8}> (0x00000000d6050cb8) 
thrown [s\src\hotspot\share\prims\jni.cpp, line 520]
Event: 5467.888 Thread 0x00000215893eaff0 Exception <a 'sun/nio/fs/WindowsException'{0x00000000d6051470}> (0x00000000d6051470) 
thrown [s\src\hotspot\share\prims\jni.cpp, line 520]
Event: 5471.715 Thread 0x00000215893eb680 Exception <a 'sun/nio/fs/WindowsException'{0x00000000d57aee60}> (0x00000000d57aee60) 
thrown [s\src\hotspot\share\prims\jni.cpp, line 520]

ZGC Phase Switch (0 events):
No events

VM Operations (20 events):
Event: 5469.424 Executing safepoint VM operation: ParallelGCFailedAllocation (Allocation Failure)
Event: 5469.426 Executing safepoint VM operation: ParallelGCFailedAllocation (Allocation Failure) done
Event: 5469.498 Executing safepoint VM operation: ParallelGCFailedAllocation (Allocation Failure)
Event: 5469.500 Executing safepoint VM operation: ParallelGCFailedAllocation (Allocation Failure) done
Event: 5469.566 Executing safepoint VM operation: ParallelGCFailedAllocation (Allocation Failure)
Event: 5469.567 Executing safepoint VM operation: ParallelGCFailedAllocation (Allocation Failure) done
Event: 5469.671 Executing safepoint VM operation: ParallelGCFailedAllocation (Allocation Failure)
Event: 5469.672 Executing safepoint VM operation: ParallelGCFailedAllocation (Allocation Failure) done
Event: 5469.696 Executing safepoint VM operation: ParallelGCFailedAllocation (Allocation Failure)
Event: 5469.698 Executing safepoint VM operation: ParallelGCFailedAllocation (Allocation Failure) done
Event: 5469.740 Executing safepoint VM operation: ParallelGCFailedAllocation (Allocation Failure)
Event: 5469.741 Executing safepoint VM operation: ParallelGCFailedAllocation (Allocation Failure) done
Event: 5469.778 Executing safepoint VM operation: ParallelGCFailedAllocation (Allocation Failure)
Event: 5469.780 Executing safepoint VM operation: ParallelGCFailedAllocation (Allocation Failure) done
Event: 5470.923 Executing safepoint VM operation: ParallelGCFailedAllocation (Allocation Failure)
Event: 5471.027 Executing safepoint VM operation: ParallelGCFailedAllocation (Allocation Failure) done
Event: 5471.656 Executing non-safepoint VM operation: HandshakeAllThreads (HandshakeForDeflation)
Event: 5471.656 Executing non-safepoint VM operation: HandshakeAllThreads (HandshakeForDeflation) done
Event: 5471.656 Executing non-safepoint VM operation: RendezvousGCThreads
Event: 5471.656 Executing non-safepoint VM operation: RendezvousGCThreads done

Memory protections (0 events):
No events

Nmethod flushes (20 events):
Event: 53.725 Thread 0x000002152ab02550 flushing  nmethod 0x000002152e726090
Event: 53.725 Thread 0x000002152ab02550 flushing  nmethod 0x000002152e756490
Event: 53.725 Thread 0x000002152ab02550 flushing  nmethod 0x000002152e756a90
Event: 53.725 Thread 0x000002152ab02550 flushing  nmethod 0x000002152e759310
Event: 53.725 Thread 0x000002152ab02550 flushing  nmethod 0x000002152e75c810
Event: 53.725 Thread 0x000002152ab02550 flushing  nmethod 0x000002152e769c90
Event: 53.725 Thread 0x000002152ab02550 flushing  nmethod 0x000002152e76e210
Event: 53.725 Thread 0x000002152ab02550 flushing  nmethod 0x000002152e799390
Event: 53.725 Thread 0x000002152ab02550 flushing  nmethod 0x000002152e79a990
Event: 53.725 Thread 0x000002152ab02550 flushing  nmethod 0x000002152e79be10
Event: 53.725 Thread 0x000002152ab02550 flushing  nmethod 0x000002152e79c290
Event: 53.725 Thread 0x000002152ab02550 flushing  nmethod 0x000002152e7a2790
Event: 53.725 Thread 0x000002152ab02550 flushing  nmethod 0x000002152e7a3c10
Event: 53.725 Thread 0x000002152ab02550 flushing  nmethod 0x000002152e7b2b10
Event: 53.725 Thread 0x000002152ab02550 flushing  nmethod 0x000002152e7b4410
Event: 53.725 Thread 0x000002152ab02550 flushing  nmethod 0x000002152e7b4810
Event: 53.725 Thread 0x000002152ab02550 flushing  nmethod 0x000002152e7b5710
Event: 53.725 Thread 0x000002152ab02550 flushing  nmethod 0x000002152e7bd190
Event: 53.725 Thread 0x000002152ab02550 flushing  nmethod 0x000002152e7be010
Event: 53.725 Thread 0x000002152ab02550 flushing  nmethod 0x000002152e7bf590

Events (20 events):
Event: 5460.382 Thread 0x000002158b645680 Thread added: 0x00000215893e8f20
Event: 5460.382 Thread 0x000002158b645680 Thread added: 0x00000215893ef190
Event: 5460.523 Thread 0x00000215893e9c40 Thread exited: 0x00000215893e9c40
Event: 5460.523 Thread 0x00000215893ec3a0 Thread exited: 0x00000215893ec3a0
Event: 5460.524 Thread 0x00000215893e8890 Thread exited: 0x00000215893e8890
Event: 5460.524 Thread 0x00000215893e8f20 Thread exited: 0x00000215893e8f20
Event: 5460.524 Thread 0x00000215893ef190 Thread exited: 0x00000215893ef190
Event: 5463.283 Thread 0x0000021588008120 Thread added: 0x000002158b4c3610
Event: 5463.398 Thread 0x00000215893ea960 Thread added: 0x00000215893e8890
Event: 5463.949 Thread 0x000002158b4c3610 Thread exited: 0x000002158b4c3610
Event: 5464.911 Thread 0x0000021588008120 Thread added: 0x000002158b4c3ce0
Event: 5466.552 Thread 0x000002158b4c3ce0 Thread exited: 0x000002158b4c3ce0
Event: 5467.698 Thread 0x0000021588008120 Thread added: 0x000002158b4c3610
Event: 5467.833 Thread 0x000002158b4c3610 Thread exited: 0x000002158b4c3610
Event: 5472.234 Thread 0x00000215893eb680 Thread added: 0x00000215893ec3a0
Event: 5472.235 Thread 0x00000215893eb680 Thread added: 0x00000215893eca30
Event: 5472.235 Thread 0x00000215893eb680 Thread added: 0x00000215893e9c40
Event: 5472.235 Thread 0x00000215893eb680 Thread added: 0x00000215893ef190
Event: 5472.235 Thread 0x00000215893eb680 Thread added: 0x00000215893efeb0
Event: 5472.308 Thread 0x00000215893eb680 Thread added: 0x00000215893ef820


Dynamic libraries:
0x00007ff638280000 - 0x00007ff63828e000 	c:\Users\DELL\.vscode\extensions\redhat.java-1.56.0-win32-x64\jre\21.0.12.1-win32-x86_64\bin\java.exe
0x00007ff95aec0000 - 0x00007ff95b127000 	C:\WINDOWS\SYSTEM32\ntdll.dll
0x00007ff959ba0000 - 0x00007ff959c6b000 	C:\WINDOWS\System32\KERNEL32.DLL
0x00007ff9584d0000 - 0x00007ff9588d1000 	C:\WINDOWS\System32\KERNELBASE.dll
0x00007ff9581f0000 - 0x00007ff95833c000 	C:\WINDOWS\System32\ucrtbase.dll
0x00007ff94be90000 - 0x00007ff94bea8000 	c:\Users\DELL\.vscode\extensions\redhat.java-1.56.0-win32-x64\jre\21.0.12.1-win32-x86_64\bin\jli.dll
0x00007ff9597e0000 - 0x00007ff9599b7000 	C:\WINDOWS\System32\USER32.dll
0x00007ff958350000 - 0x00007ff958377000 	C:\WINDOWS\System32\win32u.dll
0x00007ff95aaf0000 - 0x00007ff95ab1b000 	C:\WINDOWS\System32\GDI32.dll
0x00007ff94bde0000 - 0x00007ff94bdfe000 	c:\Users\DELL\.vscode\extensions\redhat.java-1.56.0-win32-x64\jre\21.0.12.1-win32-x86_64\bin\VCRUNTIME140.dll
0x00007ff9580c0000 - 0x00007ff9581e8000 	C:\WINDOWS\System32\gdi32full.dll
0x00007ff9589a0000 - 0x00007ff958a43000 	C:\WINDOWS\System32\msvcp_win.dll
0x00007ff941060000 - 0x00007ff9412f0000 	C:\WINDOWS\WinSxS\amd64_microsoft.windows.common-controls_6595b64144ccf1df_6.0.26100.9549_none_3e0a0396e3330090\COMCTL32.dll
0x00007ff95abb0000 - 0x00007ff95ac59000 	C:\WINDOWS\System32\msvcrt.dll
0x00007ff959640000 - 0x00007ff959671000 	C:\WINDOWS\System32\IMM32.DLL
0x00007ff94bdd0000 - 0x00007ff94bddc000 	c:\Users\DELL\.vscode\extensions\redhat.java-1.56.0-win32-x64\jre\21.0.12.1-win32-x86_64\bin\vcruntime140_1.dll
0x00007ff94bd40000 - 0x00007ff94bdcd000 	c:\Users\DELL\.vscode\extensions\redhat.java-1.56.0-win32-x64\jre\21.0.12.1-win32-x86_64\bin\msvcp140.dll
0x00007ff8d6d70000 - 0x00007ff8d7b12000 	c:\Users\DELL\.vscode\extensions\redhat.java-1.56.0-win32-x64\jre\21.0.12.1-win32-x86_64\bin\server\jvm.dll
0x00007ff95a970000 - 0x00007ff95aa2b000 	C:\WINDOWS\System32\ADVAPI32.dll
0x00007ff95ac60000 - 0x00007ff95ad08000 	C:\WINDOWS\System32\sechost.dll
0x00007ff958be0000 - 0x00007ff958cf8000 	C:\WINDOWS\System32\RPCRT4.dll
0x00007ff95ad10000 - 0x00007ff95ad91000 	C:\WINDOWS\System32\WS2_32.dll
0x00007ff957f10000 - 0x00007ff957f6e000 	C:\WINDOWS\SYSTEM32\POWRPROF.dll
0x00007ff94cd30000 - 0x00007ff94cd67000 	C:\WINDOWS\SYSTEM32\WINMM.dll
0x00007ff949d70000 - 0x00007ff949d7b000 	C:\WINDOWS\SYSTEM32\VERSION.dll
0x00007ff957ef0000 - 0x00007ff957f05000 	C:\WINDOWS\SYSTEM32\UMPDC.dll
0x00007ff956d60000 - 0x00007ff956d7b000 	C:\WINDOWS\SYSTEM32\kernel.appcore.dll
0x00007ff94bd30000 - 0x00007ff94bd3a000 	c:\Users\DELL\.vscode\extensions\redhat.java-1.56.0-win32-x64\jre\21.0.12.1-win32-x86_64\bin\jimage.dll
0x00007ff955570000 - 0x00007ff9557bc000 	C:\WINDOWS\SYSTEM32\DBGHELP.DLL
0x00007ff959290000 - 0x00007ff95961a000 	C:\WINDOWS\System32\combase.dll
0x00007ff95a610000 - 0x00007ff95a6e9000 	C:\WINDOWS\System32\OLEAUT32.dll
0x00007ff940860000 - 0x00007ff94089b000 	C:\WINDOWS\SYSTEM32\dbgcore.DLL
0x00007ff958380000 - 0x00007ff95842c000 	C:\WINDOWS\System32\bcryptPrimitives.dll
0x00007ff94bd20000 - 0x00007ff94bd2f000 	c:\Users\DELL\.vscode\extensions\redhat.java-1.56.0-win32-x64\jre\21.0.12.1-win32-x86_64\bin\instrument.dll
0x00007ff9478e0000 - 0x00007ff947900000 	c:\Users\DELL\.vscode\extensions\redhat.java-1.56.0-win32-x64\jre\21.0.12.1-win32-x86_64\bin\java.dll
0x00007ff959e60000 - 0x00007ff95a5fc000 	C:\WINDOWS\System32\SHELL32.dll
0x00007ff955b20000 - 0x00007ff9563cd000 	C:\WINDOWS\SYSTEM32\windows.storage.dll
0x00007ff9596e0000 - 0x00007ff9597d9000 	C:\WINDOWS\System32\SHCORE.dll
0x00007ff95a6f0000 - 0x00007ff95a756000 	C:\WINDOWS\System32\shlwapi.dll
0x00007ff957fd0000 - 0x00007ff957ff9000 	C:\WINDOWS\SYSTEM32\profapi.dll
0x00007ff947870000 - 0x00007ff947888000 	c:\Users\DELL\.vscode\extensions\redhat.java-1.56.0-win32-x64\jre\21.0.12.1-win32-x86_64\bin\zip.dll
0x00007ff9478d0000 - 0x00007ff9478e0000 	C:\Users\DELL\.vscode\extensions\redhat.java-1.56.0-win32-x64\jre\21.0.12.1-win32-x86_64\bin\net.dll
0x00007ff950e90000 - 0x00007ff950fba000 	C:\WINDOWS\SYSTEM32\WINHTTP.dll
0x00007ff957320000 - 0x00007ff95738c000 	C:\WINDOWS\system32\mswsock.dll
0x00007ff947850000 - 0x00007ff947866000 	C:\Users\DELL\.vscode\extensions\redhat.java-1.56.0-win32-x64\jre\21.0.12.1-win32-x86_64\bin\nio.dll
0x00007ff947840000 - 0x00007ff947850000 	c:\Users\DELL\.vscode\extensions\redhat.java-1.56.0-win32-x64\jre\21.0.12.1-win32-x86_64\bin\verify.dll
0x00007ff947780000 - 0x00007ff9477c5000 	C:\Users\DELL\AppData\Roaming\Code\User\globalStorage\redhat.java\1.56.0\config_win\org.eclipse.equinox.launcher\org.eclipse.equinox.launcher.win32.win32.x86_64_1.3.100.v20260804-1928\eclipse_11924.dll
0x00007ff959cc0000 - 0x00007ff959e5a000 	C:\WINDOWS\System32\ole32.dll
0x00007ff957610000 - 0x00007ff95762b000 	C:\WINDOWS\SYSTEM32\CRYPTSP.dll
0x00007ff956cc0000 - 0x00007ff956cf9000 	C:\WINDOWS\system32\rsaenh.dll
0x00007ff9573d0000 - 0x00007ff957404000 	C:\WINDOWS\SYSTEM32\USERENV.dll
0x00007ff957fa0000 - 0x00007ff957fca000 	C:\WINDOWS\SYSTEM32\bcrypt.dll
0x00007ff957630000 - 0x00007ff95763c000 	C:\WINDOWS\SYSTEM32\CRYPTBASE.dll
0x00007ff9567e0000 - 0x00007ff956813000 	C:\WINDOWS\SYSTEM32\IPHLPAPI.DLL
0x00007ff95a960000 - 0x00007ff95a96a000 	C:\WINDOWS\System32\NSI.dll
0x00007ff9476e0000 - 0x00007ff947729000 	C:\Users\DELL\AppData\Local\Temp\jna-2094529\jna3689101322904396399.dll
0x00007ff95ae70000 - 0x00007ff95ae78000 	C:\WINDOWS\System32\PSAPI.DLL
0x00007ff951080000 - 0x00007ff95109e000 	C:\WINDOWS\SYSTEM32\dhcpcsvc6.DLL
0x00007ff951030000 - 0x00007ff951055000 	C:\WINDOWS\SYSTEM32\dhcpcsvc.DLL

JVMTI agents:
c:\Users\DELL\.vscode\extensions\redhat.java-1.56.0-win32-x64\lombok\lombok-1.18.39-4050.jar path:c:\Users\DELL\.vscode\extensions\redhat.java-1.56.0-win32-x64\jre\21.0.12.1-win32-x86_64\bin\instrument.dll, loaded, initialized, instrumentlib options:none

dbghelp: loaded successfully - version: 4.0.5 - missing functions: none
symbol engine: initialized successfully - sym options: 0x614 - pdb path: .;c:\Users\DELL\.vscode\extensions\redhat.java-1.56.0-win32-x64\jre\21.0.12.1-win32-x86_64\bin;C:\WINDOWS\SYSTEM32;C:\WINDOWS\WinSxS\amd64_microsoft.windows.common-controls_6595b64144ccf1df_6.0.26100.9549_none_3e0a0396e3330090;c:\Users\DELL\.vscode\extensions\redhat.java-1.56.0-win32-x64\jre\21.0.12.1-win32-x86_64\bin\server;C:\Users\DELL\AppData\Roaming\Code\User\globalStorage\redhat.java\1.56.0\config_win\org.eclipse.equinox.launcher\org.eclipse.equinox.launcher.win32.win32.x86_64_1.3.100.v20260804-1928;C:\Users\DELL\AppData\Local\Temp\jna-2094529

VM Arguments:
jvm_args: --add-modules=ALL-SYSTEM --add-opens=java.base/java.util=ALL-UNNAMED --add-opens=java.base/java.lang=ALL-UNNAMED --add-opens=java.base/sun.nio.fs=ALL-UNNAMED -Declipse.application=org.eclipse.jdt.ls.core.id1 -Dosgi.bundles.defaultStartLevel=4 -Declipse.product=org.eclipse.jdt.ls.core.product -Djava.import.generatesMetadataFilesAtProjectRoot=false -Dm2e.project.cache.size=50 -DDetectVMInstallationsJob.disabled=true -Dfile.encoding=utf8 -XX:+UseParallelGC -XX:GCTimeRatio=4 -XX:AdaptiveSizePolicyWeight=90 -Dsun.zip.disableMemoryMapping=true -Xmx2G -Xms100m -Xlog:disable -javaagent:c:\Users\DELL\.vscode\extensions\redhat.java-1.56.0-win32-x64\lombok\lombok-1.18.39-4050.jar -XX:+HeapDumpOnOutOfMemoryError -XX:HeapDumpPath=c:\Users\DELL\AppData\Roaming\Code\User\workspaceStorage\f058160ba1508bc289a4b0f7f403deb6\redhat.java -Daether.dependencyCollector.impl=bf 
java_command: c:\Users\DELL\.vscode\extensions\redhat.java-1.56.0-win32-x64\server\plugins\org.eclipse.equinox.launcher_1.8.0.v20260804-1928.jar -configuration c:\Users\DELL\AppData\Roaming\Code\User\globalStorage\redhat.java\1.56.0\config_win -data c:\Users\DELL\AppData\Roaming\Code\User\workspaceStorage\f058160ba1508bc289a4b0f7f403deb6\redhat.java\jdt_ws --pipe=\\.\pipe\lsp-60e76a11383703247c8022dec203669f-sock
java_class_path (initial): c:\Users\DELL\.vscode\extensions\redhat.java-1.56.0-win32-x64\server\plugins\org.eclipse.equinox.launcher_1.8.0.v20260804-1928.jar
Launcher Type: SUN_STANDARD

[Global flags]
    uintx AdaptiveSizePolicyWeight                 = 90                                        {product} {command line}
     intx CICompilerCount                          = 4                                         {product} {ergonomic}
    uintx GCTimeRatio                              = 4                                         {product} {command line}
     bool HeapDumpOnOutOfMemoryError               = true                                   {manageable} {command line}
    ccstr HeapDumpPath                             = c:\Users\DELL\AppData\Roaming\Code\User\workspaceStorage\f058160ba1508bc289a4b0f7f403deb6\redhat.java         {manageable} {command line}
   size_t InitialHeapSize                          = 104857600                                 {product} {command line}
   size_t MaxHeapSize                              = 2147483648                                {product} {command line}
   size_t MaxNewSize                               = 715653120                                 {product} {ergonomic}
   size_t MinHeapDeltaBytes                        = 524288                                    {product} {ergonomic}
   size_t MinHeapSize                              = 104857600                                 {product} {command line}
   size_t NewSize                                  = 34603008                                  {product} {ergonomic}
    uintx NonNMethodCodeHeapSize                   = 5839372                                {pd product} {ergonomic}
    uintx NonProfiledCodeHeapSize                  = 122909434                              {pd product} {ergonomic}
   size_t OldSize                                  = 70254592                                  {product} {ergonomic}
    uintx ProfiledCodeHeapSize                     = 122909434                              {pd product} {ergonomic}
    uintx ReservedCodeCacheSize                    = 251658240                              {pd product} {ergonomic}
     bool SegmentedCodeCache                       = true                                      {product} {ergonomic}
   size_t SoftMaxHeapSize                          = 2147483648                             {manageable} {ergonomic}
     bool UseCompressedOops                        = true                           {product lp64_product} {ergonomic}
     bool UseLargePagesIndividualAllocation        = false                                  {pd product} {ergonomic}
     bool UseParallelGC                            = true                                      {product} {command line}

Logging:
Log output configuration:
 #0: stdout all=off uptime,level,tags foldmultilines=false
 #1: stderr all=off uptime,level,tags foldmultilines=false

Release file:
JAVA_VERSION="21.0.12.1" 
MODULES="java.base java.compiler java.datatransfer java.xml java.prefs java.desktop java.instrument java.logging java.management java.security.sasl java.naming java.rmi java.management.rmi java.net.http java.scripting java.security.jgss java.transaction.xa java.sql java.sql.rowset java.xml.crypto java.se java.smartcardio jdk.accessibility jdk.internal.jvmstat jdk.attach jdk.charsets jdk.internal.opt jdk.zipfs jdk.compiler jdk.crypto.ec jdk.crypto.cryptoki jdk.crypto.mscapi jdk.dynalink jdk.internal.ed jdk.editpad jdk.hotspot.agent jdk.httpserver jdk.internal.le jdk.internal.vm.ci jdk.internal.vm.compiler jdk.internal.vm.compiler.management jdk.jartool jdk.javadoc jdk.jcmd jdk.management jdk.management.agent jdk.jconsole jdk.jdeps jdk.jdwp.agent jdk.jdi jdk.jfr jdk.jshell jdk.jsobject jdk.jstatd jdk.localedata jdk.management.jfr jdk.naming.dns jdk.naming.rmi jdk.net jdk.nio.mapmode jdk.random jdk.sctp jdk.security.auth jdk.security.jgss jdk.unsupported jdk.unsupported.desktop jdk.xml.dom" 

Environment Variables:
JAVA_HOME=C:\Users\DELL\AppData\Local\Programs\Eclipse Adoptium\jdk-21.0.11.10-hotspot
PATH=C:\oraclexe\app\oracle\product\11.2.0\server\bin;C:\Program Files (x86)\VMware\VMware Workstation\bin\;C:\WINDOWS\system32;C:\WINDOWS;C:\WINDOWS\System32\Wbem;C:\WINDOWS\System32\WindowsPowerShell\v1.0\;C:\WINDOWS\System32\OpenSSH\;C:\ProgramData\chocolatey\bin;C:\Program Files\Git\cmd;C:\Program Files\Java\jdk-25\bin;C:\apache-maven-3.9.16\bin;C:\Program Files\MySQL\MySQL Server 8.0\bin;C:\Program Files\nodejs\;C:\Program Files\Java\jdk-25\bin;C:\oraclexe\app\oracle\product\11.2.0\server\bin;C:\Program Files (x86)\VMware\VMware Workstation\bin\;C:\WINDOWS\system32;C:\WINDOWS;C:\WINDOWS\System32\Wbem;C:\WINDOWS\System32\WindowsPowerShell\v1.0\;C:\WINDOWS\System32\OpenSSH\;C:\ProgramData\chocolatey\bin;C:\Program Files\Git\cmd;C:\Program Files\Java\jdk-25\bin;C:\Program Files\nodejs\;C:\apache-maven-3.9.16\bin;C:\Program Files\MySQL\MySQL Server 8.0\bin;C:\Users\DELL\AppData\Local\Programs\Eclipse Adoptium\jdk-21.0.12.8-hotspot\bin;C:\Users\DELL\AppData\Local\Programs\Eclipse Adoptium\jdk-21.0.11.10-hotspot\bin;C:\Users\DELL\AppData\Local\Programs\Python\Python311\Scripts\;C:\Users\DELL\AppData\Local\Programs\Python\Python311\;C:\Users\DELL\AppData\Local\Microsoft\WindowsApps;C:\Users\DELL\AppData\Local\Programs\Microsoft VS Code\bin;C:\Users\DELL\AppData\Local\Programs\Antigravity\bin;C:\IntelliJ IDEA 2026.1.4\bin;C:\Users\DELL\AppData\Roaming\npm
USERNAME=DELL
OS=Windows_NT
PROCESSOR_IDENTIFIER=AMD64 Family 23 Model 160 Stepping 0, AuthenticAMD
TMP=C:\Users\DELL\AppData\Local\Temp
TEMP=C:\Users\DELL\AppData\Local\Temp




Periodic native trim disabled

---------------  S Y S T E M  ---------------

OS:
 Windows 11 , 64 bit Build 26100 (10.0.26100.9549)
OS uptime: 1 days 6:56 hours

CPU: total 8 (initial active 8) (8 cores per cpu, 2 threads per core) family 23 model 160 stepping 0 microcode 0x8a0000b, cx8, cmov, fxsr, ht, mmx, 3dnowpref, sse, sse2, sse3, ssse3, sse4a, sse4.1, sse4.2, popcnt, lzcnt, tsc, tscinvbit, avx, avx2, aes, clmul, bmi1, bmi2, adx, sha, fma, vzeroupper, clflush, clflushopt, rdtscp, rdpid, f16c
Processor Information for the first 8 processors :
  Max Mhz: 2401, Current Mhz: 2401, Mhz Limit: 2401

Memory: 4k page, system-wide physical 7379M (778M free)
TotalPageFile size 29907M (AvailPageFile size 22M)
current process WorkingSet (physical memory assigned to process): 120M, peak: 413M
current process commit charge ("private bytes"): 806M, peak: 830M

vm_info: OpenJDK 64-Bit Server VM (21.0.12.1+1-LTS) for windows-amd64 JRE (21.0.12.1+1-LTS), built on 2026-08-18T00:00:00Z by "admin" with MS VC++ 17.12 (VS2022)

END.
